2 3 (2)
14 1 (2)
14 3 (2)
14 5 (2)
6 5 1 (2)
5 3 1 (2)
